// Jest Snapshot v1, https://goo.gl/fbAQLP

exports[`<Map /> Testing 1`] = `
<section
  className="cities__map map"
  id="map"
/>
`;
