// Jest Snapshot v1, https://goo.gl/fbAQLP

exports[`<App /> Testing 1`] = `
<div>
  <p>
    Главная страница приложения
  </p>
  <div
    className="offers"
  >
    <h1>
      Предложения
    </h1>
    <h3
      onClick={[Function]}
    >
      Beautiful & luxurious apartment at great location
    </h3>
    <h3
      onClick={[Function]}
    >
      Wood and stone place
    </h3>
    <h3
      onClick={[Function]}
    >
      Wonderful hosue for rich people
    </h3>
  </div>
</div>
`;
